../Core/Src/main.c:129:5:main	8	static
../Core/Src/main.c:230:6:SystemClock_Config	88	static
../Core/Src/main.c:284:13:MX_USART2_UART_Init	8	static
../Core/Src/main.c:317:13:MX_GPIO_Init	48	static
../Core/Src/main.c:370:6:GreenLight	16	static
../Core/Src/main.c:396:6:OrangeLight	16	static
../Core/Src/main.c:425:6:RedLight	16	static
../Core/Src/main.c:451:6:GreenPieton	16	static
../Core/Src/main.c:477:6:RedPieton	16	static
../Core/Src/main.c:504:6:Button	16	static
../Core/Src/main.c:525:6:HAL_TIM_PeriodElapsedCallback	16	static
../Core/Src/main.c:542:6:Error_Handler	4	static,ignoring_inline_asm
